{
  "language": "Python",
  "ast": {
    "type": "module",
    "functions": [
      {
        "name": "simple_decorator",
        "type": "function_definition",
        "parameters": [
          {"name": "func", "type": "Callable"}
        ],
        "return_type": "Callable",
        "body_range": {
          "start_line": 16,
          "start_column": 0,
          "end_line": 25,
          "end_column": 4
        },
        "docstring": "A simple decorator that prints before and after function execution"
      },
      {
        "name": "greet",
        "type": "function_definition",
        "parameters": [
          {"name": "name", "type": "str"}
        ],
        "return_type": "str",
        "body_range": {
          "start_line": 29,
          "start_column": 0,
          "end_line": 31,
          "end_column": 4
        },
        "docstring": "Return a greeting message",
        "decorators": ["simple_decorator"]
      },
      {
        "name": "repeat",
        "type": "function_definition",
        "parameters": [
          {"name": "times", "type": "int"}
        ],
        "return_type": "Callable",
        "body_range": {
          "start_line": 34,
          "start_column": 0,
          "end_line": 46,
          "end_column": 4
        },
        "docstring": "A decorator that repeats the function call a specified number of times"
      },
      {
        "name": "say_hi",
        "type": "function_definition",
        "parameters": [
          {"name": "name", "type": "str"}
        ],
        "return_type": "str",
        "body_range": {
          "start_line": 50,
          "start_column": 0,
          "end_line": 52,
          "end_column": 4
        },
        "docstring": "Say hi to someone",
        "decorators": ["repeat(3)"]
      },
      {
        "name": "timing_decorator",
        "type": "function_definition",
        "parameters": [
          {"name": "func", "type": "Callable"}
        ],
        "return_type": "Callable",
        "body_range": {
          "start_line": 55,
          "start_column": 0,
          "end_line": 65,
          "end_column": 4
        },
        "docstring": "A decorator that times function execution"
      },
      {
        "name": "slow_function",
        "type": "function_definition",
        "parameters": [],
        "return_type": "None",
        "body_range": {
          "start_line": 69,
          "start_column": 0,
          "end_line": 72,
          "end_column": 4
        },
        "docstring": "A function that takes some time to execute",
        "decorators": ["timing_decorator"]
      },
      {
        "name": "combined_decorators",
        "type": "function_definition",
        "parameters": [],
        "return_type": "None",
        "body_range": {
          "start_line": 77,
          "start_column": 0,
          "end_line": 79,
          "end_column": 4
        },
        "docstring": "Function with multiple decorators",
        "decorators": ["simple_decorator", "timing_decorator"]
      },
      {
        "name": "add_greeting",
        "type": "function_definition",
        "parameters": [
          {"name": "cls", "type": null}
        ],
        "body_range": {
          "start_line": 82,
          "start_column": 0,
          "end_line": 89,
          "end_column": 4
        },
        "docstring": "A class decorator that adds a greeting method"
      },
      {
        "name": "validate_age",
        "type": "function_definition",
        "parameters": [
          {"name": "method", "type": "Callable"}
        ],
        "return_type": "Callable",
        "body_range": {
          "start_line": 102,
          "start_column": 0,
          "end_line": 111,
          "end_column": 4
        },
        "docstring": "A decorator to validate age parameter"
      },
      {
        "name": "debug",
        "type": "function_definition",
        "parameters": [
          {"name": "func", "type": "Callable[..., T]"}
        ],
        "return_type": "Callable[..., T]",
        "body_range": {
          "start_line": 150,
          "start_column": 0,
          "end_line": 163,
          "end_column": 4
        },
        "docstring": "Print function arguments and return value"
      },
      {
        "name": "divide",
        "type": "function_definition",
        "parameters": [
          {"name": "a", "type": "float"},
          {"name": "b", "type": "float"}
        ],
        "return_type": "float",
        "body_range": {
          "start_line": 167,
          "start_column": 0,
          "end_line": 169,
          "end_column": 4
        },
        "docstring": "Divide two numbers",
        "decorators": ["debug"]
      },
      {
        "name": "main",
        "type": "function_definition",
        "parameters": [],
        "body_range": {
          "start_line": 172,
          "start_column": 0,
          "end_line": 204,
          "end_column": 4
        },
        "docstring": "Main function to demonstrate decorators"
      }
    ],
    "classes": [
      {
        "name": "Person",
        "type": "class_definition",
        "methods": [
          {
            "name": "__init__",
            "type": "method",
            "parameters": ["self", "name: str", "age: int"],
            "body_range": {
              "start_line": 95,
              "start_column": 4,
              "end_line": 97,
              "end_column": 8
            }
          },
          {
            "name": "__str__",
            "type": "method",
            "parameters": ["self"],
            "return_type": "str",
            "body_range": {
              "start_line": 99,
              "start_column": 4,
              "end_line": 100,
              "end_column": 8
            }
          },
          {
            "name": "say_hello",
            "type": "method",
            "parameters": ["self"],
            "added_by_decorator": true
          }
        ],
        "decorators": ["add_greeting"],
        "range": {
          "start_line": 93,
          "start_column": 0,
          "end_line": 100,
          "end_column": 51
        },
        "docstring": "A simple person class"
      },
      {
        "name": "Student",
        "type": "class_definition",
        "methods": [
          {
            "name": "__init__",
            "type": "method",
            "parameters": ["self", "name: str", "age: int"],
            "body_range": {
              "start_line": 115,
              "start_column": 4,
              "end_line": 117,
              "end_column": 8
            }
          },
          {
            "name": "set_age",
            "type": "method",
            "parameters": ["self", "age: int"],
            "return_type": "None",
            "body_range": {
              "start_line": 120,
              "start_column": 4,
              "end_line": 122,
              "end_column": 8
            },
            "docstring": "Set student age with validation",
            "decorators": ["validate_age"]
          },
          {
            "name": "__str__",
            "type": "method",
            "parameters": ["self"],
            "return_type": "str",
            "body_range": {
              "start_line": 124,
              "start_column": 4,
              "end_line": 125,
              "end_column": 8
            }
          }
        ],
        "range": {
          "start_line": 113,
          "start_column": 0,
          "end_line": 125,
          "end_column": 59
        },
        "docstring": "A student class with a decorated method"
      },
      {
        "name": "CountCalls",
        "type": "class_definition",
        "methods": [
          {
            "name": "__init__",
            "type": "method",
            "parameters": ["self", "func: Callable"],
            "body_range": {
              "start_line": 131,
              "start_column": 4,
              "end_line": 134,
              "end_column": 8
            }
          },
          {
            "name": "__call__",
            "type": "method",
            "parameters": ["self", "*args", "**kwargs"],
            "body_range": {
              "start_line": 136,
              "start_column": 4,
              "end_line": 139,
              "end_column": 8
            }
          }
        ],
        "range": {
          "start_line": 128,
          "start_column": 0,
          "end_line": 139,
          "end_column": 8
        },
        "docstring": "A decorator implemented as a class that counts function calls"
      }
    ],
    "imports": [
      {
        "name": "functools",
        "line": 11
      },
      {
        "name": "time",
        "line": 12
      },
      {
        "name": "typing",
        "symbols": ["Callable", "Any", "TypeVar", "cast"],
        "line": 13
      }
    ],
    "docstrings": [
      {
        "type": "module_docstring",
        "text": "Demonstration of Python decorators\n\nThis example shows:\n- Basic function decorators\n- Decorators with arguments\n- Class decorators\n- Method decorators\n- Decorator stacking\n- Functools wraps to preserve metadata\n- Creating decorators with classes",
        "range": {
          "start_line": 1,
          "start_column": 0,
          "end_line": 10,
          "end_column": 3
        }
      }
    ],
    "decorators": [
      {
        "name": "simple_decorator",
        "applied_to": "greet",
        "line": 28
      },
      {
        "name": "repeat(3)",
        "applied_to": "say_hi",
        "line": 49
      },
      {
        "name": "functools.wraps",
        "applied_to": "wrapper",
        "line": 58
      },
      {
        "name": "timing_decorator",
        "applied_to": "slow_function",
        "line": 68
      },
      {
        "name": "simple_decorator",
        "applied_to": "combined_decorators",
        "line": 75
      },
      {
        "name": "timing_decorator",
        "applied_to": "combined_decorators",
        "line": 76
      },
      {
        "name": "add_greeting",
        "applied_to": "Person",
        "line": 92
      },
      {
        "name": "functools.wraps",
        "applied_to": "wrapper",
        "line": 105
      },
      {
        "name": "validate_age",
        "applied_to": "set_age",
        "line": 119
      },
      {
        "name": "CountCalls",
        "applied_to": "increment",
        "line": 142
      },
      {
        "name": "functools.wraps",
        "applied_to": "wrapper",
        "line": 153
      },
      {
        "name": "debug",
        "applied_to": "divide",
        "line": 166
      }
    ],
    "variable_declarations": [
      {
        "name": "T",
        "type": "TypeVar",
        "line": 148,
        "initialized": true
      }
    ],
    "function_calls": [
      {
        "name": "main",
        "arguments": [],
        "line": 207
      }
    ],
    "type_annotations": [
      {
        "name": "func",
        "type": "Callable",
        "line": 16
      },
      {
        "name": "simple_decorator",
        "return_type": "Callable",
        "line": 16
      },
      {
        "name": "name",
        "type": "str",
        "line": 29
      },
      {
        "name": "greet",
        "return_type": "str",
        "line": 29
      },
      {
        "name": "times",
        "type": "int",
        "line": 34
      },
      {
        "name": "repeat",
        "return_type": "Callable",
        "line": 34
      },
      {
        "name": "name",
        "type": "str",
        "line": 50
      },
      {
        "name": "say_hi",
        "return_type": "str",
        "line": 50
      },
      {
        "name": "func",
        "type": "Callable",
        "line": 55
      },
      {
        "name": "timing_decorator",
        "return_type": "Callable",
        "line": 55
      },
      {
        "name": "slow_function",
        "return_type": "None",
        "line": 69
      },
      {
        "name": "combined_decorators",
        "return_type": "None",
        "line": 77
      },
      {
        "name": "method",
        "type": "Callable",
        "line": 102
      },
      {
        "name": "validate_age",
        "return_type": "Callable",
        "line": 102
      },
      {
        "name": "name",
        "type": "str",
        "line": 95
      },
      {
        "name": "age",
        "type": "int",
        "line": 95
      },
      {
        "name": "__str__",
        "return_type": "str",
        "line": 99
      },
      {
        "name": "name",
        "type": "str",
        "line": 115
      },
      {
        "name": "age",
        "type": "int",
        "line": 115
      },
      {
        "name": "age",
        "type": "int",
        "line": 120
      },
      {
        "name": "set_age",
        "return_type": "None",
        "line": 120
      },
      {
        "name": "__str__",
        "return_type": "str",
        "line": 124
      },
      {
        "name": "func",
        "type": "Callable",
        "line": 131
      },
      {
        "name": "x",
        "type": "int",
        "line": 143
      },
      {
        "name": "increment",
        "return_type": "int",
        "line": 143
      },
      {
        "name": "func",
        "type": "Callable[..., T]",
        "line": 150
      },
      {
        "name": "debug",
        "return_type": "Callable[..., T]",
        "line": 150
      },
      {
        "name": "a",
        "type": "float",
        "line": 167
      },
      {
        "name": "b",
        "type": "float",
        "line": 167
      },
      {
        "name": "divide",
        "return_type": "float",
        "line": 167
      }
    ]
  }
}
